rect http://ploticus.sourceforge.net/cgi-bin/showcgiargs?strain=BUB/BnJ	435,375	442,563
rect http://ploticus.sourceforge.net/cgi-bin/showcgiargs?strain=129S3/SvImJ	427,375	435,563
rect http://ploticus.sourceforge.net/cgi-bin/showcgiargs?strain=PL/J	420,375	427,563
rect http://ploticus.sourceforge.net/cgi-bin/showcgiargs?strain=B6.V-Lep<ob>	412,375	420,563
rect http://ploticus.sourceforge.net/cgi-bin/showcgiargs?strain=CBA/J	405,375	412,563
rect http://ploticus.sourceforge.net/cgi-bin/showcgiargs?strain=SJL/J	397,375	405,563
rect http://ploticus.sourceforge.net/cgi-bin/showcgiargs?strain=KK/H1J	390,375	397,563
rect http://ploticus.sourceforge.net/cgi-bin/showcgiargs?strain=DBA/1J	382,375	390,563
rect http://ploticus.sourceforge.net/cgi-bin/showcgiargs?strain=BPN/3@J	375,375	382,563
rect http://ploticus.sourceforge.net/cgi-bin/showcgiargs?strain=RBF/DnJ	367,375	375,563
rect http://ploticus.sourceforge.net/cgi-bin/showcgiargs?strain=BTBR+Ttf/tf	360,375	367,563
rect http://ploticus.sourceforge.net/cgi-bin/showcgiargs?strain=C57BLKS/J	352,375	360,563
rect http://ploticus.sourceforge.net/cgi-bin/showcgiargs?strain=B6.Cg-A<y>	345,375	352,563
rect http://ploticus.sourceforge.net/cgi-bin/showcgiargs?strain=DBA/2J	337,375	345,563
rect http://ploticus.sourceforge.net/cgi-bin/showcgiargs?strain=FVB/NJ	330,375	337,563
rect http://ploticus.sourceforge.net/cgi-bin/showcgiargs?strain=NON/LtJ	322,375	330,563
rect http://ploticus.sourceforge.net/cgi-bin/showcgiargs?strain=A/J	315,375	322,563
rect http://ploticus.sourceforge.net/cgi-bin/showcgiargs?strain=NZW/LacJ	307,375	315,563
rect http://ploticus.sourceforge.net/cgi-bin/showcgiargs?strain=SPRET/Ei	300,375	307,563
rect http://ploticus.sourceforge.net/cgi-bin/showcgiargs?strain=CZECHII/Ei	292,375	300,563
rect http://ploticus.sourceforge.net/cgi-bin/showcgiargs?strain=BPL/1@J	285,375	292,563
rect http://ploticus.sourceforge.net/cgi-bin/showcgiargs?strain=MOLF/Ei	277,375	285,563
rect http://ploticus.sourceforge.net/cgi-bin/showcgiargs?strain=C57BL/6J-tub/+	270,375	277,563
rect http://ploticus.sourceforge.net/cgi-bin/showcgiargs?strain=C57BR/cdJ	262,375	270,563
rect http://ploticus.sourceforge.net/cgi-bin/showcgiargs?strain=LP/J	255,375	262,563
rect http://ploticus.sourceforge.net/cgi-bin/showcgiargs?strain=I/LnJ	247,375	255,563
rect http://ploticus.sourceforge.net/cgi-bin/showcgiargs?strain=BALB/cJ	240,375	247,563
rect http://ploticus.sourceforge.net/cgi-bin/showcgiargs?strain=BPH/2@J	232,375	240,563
rect http://ploticus.sourceforge.net/cgi-bin/showcgiargs?strain=PERA/Ei	225,375	232,563
rect http://ploticus.sourceforge.net/cgi-bin/showcgiargs?strain=AKR/J	217,375	225,563
rect http://ploticus.sourceforge.net/cgi-bin/showcgiargs?strain=BKS.Cg-m+/+Lepr<db>	210,375	217,563
rect http://ploticus.sourceforge.net/cgi-bin/showcgiargs?strain=NZB/BlNJ	202,375	210,563
rect http://ploticus.sourceforge.net/cgi-bin/showcgiargs?strain=NOD/LtJ	195,375	202,563
rect http://ploticus.sourceforge.net/cgi-bin/showcgiargs?strain=P/J	187,375	195,563
rect http://ploticus.sourceforge.net/cgi-bin/showcgiargs?strain=C57BL/6J	180,375	187,563
rect http://ploticus.sourceforge.net/cgi-bin/showcgiargs?strain=SEA/GnJ	172,375	180,563
rect http://ploticus.sourceforge.net/cgi-bin/showcgiargs?strain=YBR/Ei	165,375	172,563
rect http://ploticus.sourceforge.net/cgi-bin/showcgiargs?strain=CAST/Ei	157,375	165,563
rect http://ploticus.sourceforge.net/cgi-bin/showcgiargs?strain=RF/J	149,375	157,563
rect http://ploticus.sourceforge.net/cgi-bin/showcgiargs?strain=SM/J	142,375	149,563
rect http://ploticus.sourceforge.net/cgi-bin/showcgiargs?strain=RIIIS/J	135,375	142,563
rect http://ploticus.sourceforge.net/cgi-bin/showcgiargs?strain=C57L/J	127,375	135,563
rect http://ploticus.sourceforge.net/cgi-bin/showcgiargs?strain=C3H/HeJ	120,375	127,563
rect http://ploticus.sourceforge.net/cgi-bin/showcgiargs?strain=WSB/Ei	112,375	120,563
rect http://ploticus.sourceforge.net/cgi-bin/showcgiargs?strain=CE/J	105,375	112,563
rect http://ploticus.sourceforge.net/cgi-bin/showcgiargs?strain=SWR/J	97,375	105,563
rect http://ploticus.sourceforge.net/cgi-bin/showcgiargs?strain=BKS.HRS-Cpe<fat>/J	90,375	97,563
rect http://ploticus.sourceforge.net/cgi-bin/showcgiargs?strain=C57BL/10J	82,375	90,563
rect http://ploticus.sourceforge.net/cgi-bin/showcgiargs?strain=C58/J	75,375	82,563
